                                                                      
                                                                      
   H  H  H  H  H  H  H  H  H  H  H  H                 O               
  B                B                 B                      O         
   H  H  H  H  H  H  H  H  H  H  H  H              O                  
   H  H  H  H  H  H  H  H  H  H  H  H                     O           
  B                 B                B                B               
   H  H  H  H  H  H  H  H  H  H  H  H                                 
   H  H  H  H  H  H  H  H  H  H  H  H              O         O        
  B                B                 B                                
   H  H  H  H  H  H  H  H  H  H  H  H                O     O          
   H  H  H  H  H  H  H  H  H  H  H  H                                 
  B                                                                   
                                                                      
                                                                      
                                                                      
                                                                      
   O                                                                  
  B   O                                                               
                                                                      
   O           O         O            S                               
                                                                      
                  B                   B                               
               O      O                                               
                                                                      
             PPPPPPPPPPPPPPPPPPPPPPPPPPPPPPP                          
            PPPPPPPPPPPPPPPP  PPPPPPPPPPPPPPP                         
           PPPPPPPPPPPPPPPPPPPPPPPPPPPPPPPPPP                         
          P  PPPPPPPPPPPPPPP  PPPPPPPPPPPPPPP                         
         P    PPPPPPPPPPPPP   PPPPPPPPPPPPPP                          
        P         PPPPP      P    PPPPPP                             
       P                    P                   O    O   O            
        PP                   PP                                       
                                                     B                
                                                O    O   O            
                                                                      
                                                                      
                               H  H  H  H  H  H  H  H  H  H  H  H     
                              B                B                 B    
                               H  H  H  H  H  H  H  H  H  H  H  H     
                               H  H  H  H  H  H  H  H  H  H  H  H     
  H  H  H                     B                 B                B    
     B                         H  H  H  H  H  H  H  H  H  H  H  H     
  PPPPPPPH                     H  H  H  H  H  H  H  H  H  H  H  H     
  PPPPPPP                     B                B                 B    
  PPPPPPP  B                   H  H  H  H  H  H  H  H  H  H  H  H     
  PPPPPPPH                     H  H  H  H  H  H  H  H  H  H  H  H     
                                                                      
                                                                      
                                                                      
