                                                  
                                                  
  H  H  H  H  H  H  H  H                          
 B        B            B              B         B 
  H  H  H  H  H  H  H  H               S          
  H  H  H  H  H  H  H  H                          
 B            B         B                         
  H  H  H  H  H  H  H  H                          
                                                  
                                                  
 PPPPPPPPPPPPPPPPPPPPPPPPB                        
 PPPPPPPPPPPPPPPPPPPPPPPP                         
 PPPPPPPPPPPPPPPPPPPPPPPP                         
 PPPPPPPPPPPPPPPPPPPPPPPP                         
 PPPPPPPPPPPPPPPPPPPPPPPP                         
 PPPPPPPPPPPPPPPPPPPPPPPP                         
 PPPPPPPPPPPPPPPPPPPPPPPP                      O  
                                                B 
                                               O  
                                                  
                                                  
       O                                          
            B      O                              
                                               H  
   O                   B                          
                   O      O                    HB 
   O                                              
            B        O                         H  
       O                                          
                                                  
                 O                                
                                                  
                                                  
                                               H  
                                               HB 
                                                  
                                               H  
                                                  
                                               H  
          O                                       
                          H    H     H    H   H   
                        B                       B 
     O     O           H PPPPPPPPPPPPPPPPPPPPPPPP 
                         PPPPPPPPPPPPPPPPPPPPPPPP 
        B              H PPPPPPPPPPPPPPPPPPPPPPPP 
                         PPPPPPPPPPPPPPPPPPPPPPPP 
                         PPPPPPPPPPPPPPPPPPPPPPPP 
     O     O           H PPPPPPPPPPPPPPPPPPPPPPPP 
                         PPPPPPPPPPPPPPPPPPPPPPPP 
                                                  
